// Jest Snapshot v1, https://goo.gl/fbAQLP

exports[`<Dotnav /> should render 1`] = `
<nav
  className="dotnav"
>
  <button
    className="dotnav-arrow dotnav-arrow_prev"
    onClick={[Function]}
    type="button"
  />
  <ul
    className="dotnav-dots"
  >
    <li
      className="dotnav-dot dotnav-dot_active"
      onClick={[Function]}
    />
    <li
      className="dotnav-dot"
      onClick={[Function]}
    />
    <li
      className="dotnav-dot"
      onClick={[Function]}
    />
  </ul>
  <button
    className="dotnav-arrow dotnav-arrow_next"
    onClick={[Function]}
    type="button"
  />
</nav>
`;
